<html>
<body>
<pre>
<h1>µVision Build Log</h1>
<h2>Tool Versions:</h2>
IDE-Version: µVision V5.17.0.0
Copyright (C) 2015 ARM Ltd and ARM Germany GmbH. All rights reserved.
License Information: Tai TAI LE, fdfd, LIC=HN02Z-J823T-UG87Q-N1B2C-EHBE5-W78TG
 
Tool Versions:
Toolchain:       MDK-ARM Standard  Version: 5.17
Toolchain Path:  C:\Keil_v5\ARM\ARMCC\Bin
C Compiler:      Armcc.exe V5.06 update 1 (build 61)
Assembler:       Armasm.exe V5.06 update 1 (build 61)
Linker/Locator:  ArmLink.exe V5.06 update 1 (build 61)
Library Manager: ArmAr.exe V5.06 update 1 (build 61)
Hex Converter:   FromElf.exe V5.06 update 1 (build 61)
CPU DLL:         SARMCM3.DLL V5.17
Dialog DLL:      DCM.DLL V1.13.4.0
Target DLL:      STLink\ST-LINKIII-KEIL_SWO.dll V2.0.18.0
Dialog DLL:      TCM.DLL V1.14.6.0
 
<h2>Project:</h2>
D:\PROJECT_PROGRAM\STM32F1\STM32F103_proj\06_SPI\USER\SPI.uvprojx
Project File Date:  05/15/2020

<h2>Output:</h2>
*** Using Compiler 'V5.06 update 1 (build 61)', folder: 'C:\Keil_v5\ARM\ARMCC\Bin'
Build target 'SPI'
compiling SPI.c...
..\HARDWARE\SPI\SPI.h(14): warning:  #1295-D: Deprecated declaration SPI_Read_Byte - give arg types
  u8 SPI_Read_Byte();
..\HARDWARE\SPI\SPI.c(55): warning:  #177-D: variable "i" was declared but never referenced
  	uint8_t i = 0;
..\HARDWARE\SPI\SPI.c: 2 warnings, 0 errors
linking...
Program Size: Code=4284 RO-data=336 RW-data=88 ZI-data=1728  
FromELF: creating hex file...
".\Objects\SPI.axf" - 0 Error(s), 2 Warning(s).

<h2>Collection of Component include folders:</h2>
  D:\PROJECT_PROGRAM\STM32F1\STM32F103_proj\06_SPI\USER\RTE
  C:\Keil_v5\ARM\PACK\Keil\STM32F1xx_DFP\2.3.0\Device\Include

<h2>Collection of Component Files used:</h2>
Build Time Elapsed:  00:00:01
</pre>
</body>
</html>
